[sage.pixpa.com/index.html]
[backblue.gif]
[fade.gif]
[index.html]
[px-themeassets.pixpa.com/compiled/js/jquery_update4722.js]
[px-themeassets.pixpa.com/compiled/css/components/animationb9c9.css]
[px-themeassets.pixpa.com/compiled/js/grid-animation9d45.js]
[px-themeassets.pixpa.com/js/vendor/form-validation.min.js]
[px-themeassets.pixpa.com/js/lg/froogaloop2.min681a.js]
[sage.pixpa.com/e,location.href]
[px-themeassets.pixpa.com/compiled/css/old_custom_page_assets7259.css]
[px-themeassets.pixpa.com/compiled/css/themesv2e85f.css]
[px-themeassets.pixpa.com/compiled/css/mixcss7c34.css]
[px-themeassets.pixpa.com/compiled/css/components/common9b4b.css]
[px-themeassets.pixpa.com/compiled/css/vendor/pixpalg_all_v2aeea.css]
[px-themeassets.pixpa.com/custom-page-v2/assets/minimalist-blocks/variable.css]
[px-themeassets.pixpa.com/js/vendor/lazysizes/ls.respimg.min681a.js]
[px-themeassets.pixpa.com/js/vendor/lazysizes/ls.parent-fit681a.js]
[px-themeassets.pixpa.com/compiled/css/components/builder_lists60d9.css]
[px-themeassets.pixpa.com/compiled/css/components/custom-page6dc0.css]
[px-themeassets.pixpa.com/js/vendor/lazysizes/ls.bgset.min681a.js]
[px-themeassets.pixpa.com/compiled/js/gallery2f64.js]
[px-themeassets.pixpa.com/compiled/js/common0ff7.js]
[px-themeassets.pixpa.com/js/dynamic-component.js]
[px-themeassets.pixpa.com/compiled/js/old_custom_page_assets0b6c.js]
[sage.pixpa.com/getjsassets]
[px-themeassets.pixpa.com/js/lenis-smooth-scroll.js]
[sage.pixpa.com/attr(data-shape-type url]
[px-themeassets.pixpa.com/compiled/js/theme-v2-globalthemes7682.js]
[px-themeassets.pixpa.com/compiled/js/jquery.focuspoint3af0.js]
[px-themeassets.pixpa.com/compiled/css/vendor/flexsliderc2a0.css]
[px-themeassets.pixpa.com/compiled/css/vendor/before_after_slider003c.css]
[px-themeassets.pixpa.com/compiled/js/vendor/flexslidere152.js]
[px-themeassets.pixpa.com/compiled/js/vendor/before_after_slidere22d.js]
[px-themeassets.pixpa.com/compiled/js/custompage128d.js]
[px-themeassets.pixpa.com/js/vendor/pikaday-min681a.js]
[px-themeassets.pixpa.com/js/vendor/timepicker-min.js]
[px-themeassets.pixpa.com/js/vendor/moment-min.js]
[px-themeassets.pixpa.com/compiled/js/vendor/jquery.Jcropb443.js]
[sage.pixpa.com/Trident/index.html]
[px-themeassets.pixpa.com/compiled/css/vendor/lightslider92db.css]
[px-themeassets.pixpa.com/compiled/js/vendor/lightsliderb1bd.js]
[px-themeassets.pixpa.com/js/swipper/swiper-bundle.min.css]
[px-themeassets.pixpa.com/js/swipper/swiper-bundle.min.js]
[px-themeassets.pixpa.com/js/lg/lg_v2/js/lg-all_blog.umd.js]
[px-themeassets.pixpa.com/js/global-pagebuilder.js]
[px-themeassets.pixpa.com/compiled/js/pixpalg_v2f908.js]
[px-themeassets.pixpa.com/js/vendor/loadcss.js]
[sage.pixpa.com/index.html]
[px-themeassets.pixpa.com/compiled/css/components/animationb9c9.css]
[sage.pixpa.com/e,location.html]
[px-themeassets.pixpa.com/compiled/css/old_custom_page_assets7259.css]
[px-themeassets.pixpa.com/compiled/css/themesv2e85f.css]
[px-themeassets.pixpa.com/compiled/css/mixcss7c34.css]
[px-themeassets.pixpa.com/compiled/css/components/common9b4b.css]
[px-themeassets.pixpa.com/compiled/js/photogallery6590.js]
[px-themeassets.pixpa.com/compiled/css/images/loading.gif]
[px-themeassets.pixpa.com/compiled/css/img/loading.gif]
[px-themeassets.pixpa.com/compiled/css/vendor/pixpalg_all_v2aeea.css]
[px-themeassets.pixpa.com/custom-page-v2/assets/minimalist-blocks/variable.css]
[px-themeassets.pixpa.com/compiled/css/components/builder_lists60d9.css]
[px-themeassets.pixpa.com/compiled/css/components/custom-page6dc0.css]
[px-themeassets.pixpa.com/user-css-create/999999/859494e6c8.css]
[sage.pixpa.com/getjsassets.html]
[sage.pixpa.com/attr(data-shape-type url.html]
[px-themeassets.pixpa.com/compiled/css/focuspointfa14.css]
[px-themeassets.pixpa.com/compiled/css/vendor/fonts/flexslider-icon.html]
[px-themeassets.pixpa.com/compiled/css/vendor/fonts/flexslider-icond41d.html]
[px-themeassets.pixpa.com/compiled/css/vendor/fonts/flexslider-icon.woff]
[px-themeassets.pixpa.com/compiled/css/vendor/fonts/flexslider-icon.ttf]
[px-themeassets.pixpa.com/compiled/css/vendor/fonts/flexslider-icon-4.html]
[px-themeassets.pixpa.com/compiled/css/vendor/flexsliderc2a0.css]
[px-themeassets.pixpa.com/compiled/css/vendor/before_after_slider003c.css]
[sage.pixpa.com/Trident/index.html]
[px-themeassets.pixpa.com/compiled/css/vendor/lightslider92db.css]
[px-themeassets.pixpa.com/js/swipper/swiper-bundle.min.css]
[px-themeassets.pixpa.com/compiled/css/images/loading.html]
[px-themeassets.pixpa.com/compiled/css/img/loading.html]
[px-themeassets.pixpa.com/compiled/css/vendor/fonts/flexslider-icon.html]
[px-themeassets.pixpa.com/compiled/css/vendor/fonts/flexslider-icond41d.html]
[px-themeassets.pixpa.com/compiled/css/vendor/fonts/flexslider-icon-2.html]
[px-themeassets.pixpa.com/compiled/css/vendor/fonts/flexslider-icon-3.html]
[px-themeassets.pixpa.com/compiled/css/vendor/fonts/flexslider-icon-4.html]
